
 BITMAP

 Start     Length     Name                   Class
 0001:0000 01414H     _TEXT                  CODE
 0002:0000 001C4H     _DATA                  DATA
 0002:01C4 00000H     CONST                  CONST
 0002:01C4 00004H     _BSS                   BSS
 0002:01D0 0030CH     c_common               BSS

 Origin   Group
 0002:0   DGROUP

 Address   Export                  Alias

 0001:0A6E AdvancedSetUpDialog     AdvancedSetUpDialog
 0001:0656 ColorInfo               ColorInfo
 0001:0022 Control                 Control
 0001:0AEE CreateDIBitmap          CreateDIBitmap
 0001:04FA DevBitblt               DevBitblt
 0001:0882 DevExtTextOut           DevExtTextOut
 0001:08E2 DevGetCharWidth         DevGetCharWidth
 0001:092A DeviceBitmap            DeviceBitmap
 0001:0A22 DeviceCapabilities      DeviceCapabilities
 0001:068C DeviceMode              DeviceMode
 0001:0BD0 DevInstall              DevInstall
 0001:0AA4 DIBBlt                  DIBBlt
 0001:07F0 Disable                 Disable
 0001:0738 Enable                  Enable
 0001:06FC EnumDFonts              EnumDFonts
 0001:061E EnumObj                 EnumObj
 0001:0990 ExtDeviceMode           ExtDeviceMode
 0001:09DA ExtDeviceModePropSheet  ExtDeviceModePropSheet
 0001:094C FastBorder              FastBorder
 0001:1294 FileDlgProc             FileDlgProc
 0001:0CBE fnDump                  fnDump
 0001:058A Output                  Output
 0001:054E Pixel                   Pixel
 0001:06BE RealizeObject           RealizeObject
 0001:05FC ScanLR                  ScanLR
 0001:096E SetAttribute            SetAttribute
 0001:0B0E SetDIBitsToDevice       SetDIBitsToDevice
 0001:05D8 StrBlt                  StrBlt
 0001:0B62 StretchDIB              StretchDIB
 0001:0C80 WEP                     WEP

  Address         Publics by Name

 0001:0A6E       AdvancedSetUpDialog
 0001:0C08       BITMAPBITS
 0001:0E66       BLOCKOUT
 0001:0656       ColorInfo
 0001:0022       Control
 0001:0AEE       CreateDIBitmap
 0001:04FA       DevBitblt
 0001:0882       DevExtTextOut
 0001:08E2       DevGetCharWidth
 0001:092A       DeviceBitmap
 0001:0A22       DeviceCapabilities
 0001:068C       DeviceMode
 0001:0C44       DEVICESELECTBITMAP
 0001:0BD0       DevInstall
 0001:0AA4       DIBBlt
 0001:07F0       Disable
 0001:11B6       DUMPSCANS
 0002:01D0       DWSHELLEXECUTEMODE
 0001:0738       Enable
 0000:0000  Imp  ENDDIALOG            (USER.88)
 0001:06FC       EnumDFonts
 0001:061E       EnumObj
 0001:0990       ExtDeviceMode
 0001:09DA       ExtDeviceModePropSheet
 0001:094C       FastBorder
 0001:1294       FileDlgProc
 0001:0CBE       fnDump
 0000:0000  Imp  GETDLGITEMTEXT       (USER.93)
 0000:0000  Imp  GETMODULEHANDLE      (KERNEL.47)
 0000:0000  Imp  GETPRIVATEPROFILEINT (KERNEL.127)
 0000:0000  Imp  GETPRIVATEPROFILESTRING (KERNEL.128)
 0000:0000  Imp  GLOBALALLOC          (KERNEL.15)
 0000:0000  Imp  GLOBALFREE           (KERNEL.17)
 0000:0000  Imp  GLOBALLOCK           (KERNEL.18)
 0000:0000  Imp  GLOBALREALLOC        (KERNEL.16)
 0000:0000  Imp  GLOBALUNLOCK         (KERNEL.19)
 0002:02D8       HRESULT
 0002:02D4       HTELESAFE
 0000:0000  Imp  ISRECTEMPTY          (USER.75)
 0001:0000       LibEntry
 0001:0C9C       LibMain
 0000:0000  Imp  LocalInit            (KERNEL.4)
 0000:0000  Imp  LSTRLEN              (KERNEL.90)
 0000:0000  Imp  MESSAGEBOX           (USER.1)
 0000:0000  Imp  OPENFILE             (KERNEL.74)
 0001:058A       Output
 0002:0008       pAtomTable
 0001:054E       Pixel
 0002:0006       pLocalHeap
 0002:000E       pStackBot
 0002:000C       pStackMin
 0002:000A       pStackTop
 0000:0000  Imp  QUERYABORT           (GDI.155)
 0001:06BE       RealizeObject
 0002:01BE       RGCHMODULENAME
 0002:0006       rsrvptrs
 0001:05FC       ScanLR
 0001:096E       SetAttribute
 0001:0B0E       SetDIBitsToDevice
 0000:0000  Imp  SHELLEXECUTE         (SHELL.20)
 0001:05D8       StrBlt
 0002:03DC       STRDATAFILENAME
 0001:0B62       StretchDIB
 0002:02DC       STRSHELLDIRECTORY
 0002:01D4       STRSHELLEXECUTE
 0002:01C0       SZBUF
 0002:0010       SZSECTION
 0000:0000  Imp  UniAdvancedSetUpDialog (UNIDRV.93)
 0000:0000  Imp  UniBitBlt            (UNIDRV.1)
 0000:0000  Imp  UniBitmapBits        (UNIDRV.30)
 0000:0000  Imp  UniColorInfo         (UNIDRV.2)
 0000:0000  Imp  UniControl           (UNIDRV.3)
 0000:0000  Imp  UniDeviceCapabilities (UNIDRV.91)
 0000:0000  Imp  UniDeviceMode        (UNIDRV.13)
 0000:0000  Imp  UniDeviceSelectBitmap (UNIDRV.29)
 0000:0000  Imp  UniDevInstall        (UNIDRV.94)
 0000:0000  Imp  UniDIBBlt            (UNIDRV.19)
 0000:0000  Imp  UniDisable           (UNIDRV.4)
 0000:0000  Imp  UniEnable            (UNIDRV.5)
 0000:0000  Imp  UniEnumDFonts        (UNIDRV.6)
 0000:0000  Imp  UniEnumObj           (UNIDRV.7)
 0000:0000  Imp  UniExtDeviceMode     (UNIDRV.90)
 0000:0000  Imp  UniExtDeviceModePropSheet (UNIDRV.95)
 0000:0000  Imp  UniExtTextOut        (UNIDRV.14)
 0000:0000  Imp  UniGetCharWidth      (UNIDRV.15)
 0000:0000  Imp  UniOutput            (UNIDRV.8)
 0000:0000  Imp  UniPixel             (UNIDRV.9)
 0000:0000  Imp  UniRealizeObject     (UNIDRV.10)
 0000:0000  Imp  UniSetDIBitsToDevice (UNIDRV.21)
 0000:0000  Imp  UniStretchDIB        (UNIDRV.28)
 0001:0C80       WEP
 0001:105E       WRITEDIBHDR
 0000:0000  Imp  _LCLOSE              (KERNEL.81)
 0000:0000  Imp  _LLSEEK              (KERNEL.84)
 0000:0000  Imp  _LWRITE              (KERNEL.86)
 0000:0000  Imp  _wsprintf            (USER.420)
 0000:0001  Abs  __acrtused
 0000:0000  Imp  __AHINCR             (KERNEL.114)
 0000:0000  Imp  __AHSHIFT            (KERNEL.113)
 0001:133E       __aNlshl
 0001:134A       __aNuldiv
 0001:13AA       __aNulshr
 0001:13B6       __fmemcpy

  Address         Publics by Value

 0000:0000  Imp  _LLSEEK              (KERNEL.84)
 0000:0000  Imp  UniGetCharWidth      (UNIDRV.15)
 0000:0000  Imp  UniStretchDIB        (UNIDRV.28)
 0000:0000  Imp  UniPixel             (UNIDRV.9)
 0000:0000  Imp  GLOBALFREE           (KERNEL.17)
 0000:0000  Imp  _LWRITE              (KERNEL.86)
 0000:0000  Imp  UniDevInstall        (UNIDRV.94)
 0000:0000  Imp  _LCLOSE              (KERNEL.81)
 0000:0000  Imp  UniColorInfo         (UNIDRV.2)
 0000:0000  Imp  UniEnumObj           (UNIDRV.7)
 0000:0000  Imp  UniDisable           (UNIDRV.4)
 0000:0000  Imp  GLOBALREALLOC        (KERNEL.16)
 0000:0000  Imp  GETDLGITEMTEXT       (USER.93)
 0000:0000  Imp  __AHSHIFT            (KERNEL.113)
 0000:0000  Imp  LSTRLEN              (KERNEL.90)
 0000:0000  Imp  SHELLEXECUTE         (SHELL.20)
 0000:0000  Imp  __AHINCR             (KERNEL.114)
 0000:0000  Imp  UniBitmapBits        (UNIDRV.30)
 0000:0000  Imp  UniDeviceCapabilities (UNIDRV.91)
 0000:0000  Imp  UniSetDIBitsToDevice (UNIDRV.21)
 0000:0000  Imp  ISRECTEMPTY          (USER.75)
 0000:0000  Imp  UniEnumDFonts        (UNIDRV.6)
 0000:0000  Imp  GLOBALLOCK           (KERNEL.18)
 0000:0000  Imp  ENDDIALOG            (USER.88)
 0000:0000  Imp  GLOBALALLOC          (KERNEL.15)
 0000:0000  Imp  UniBitBlt            (UNIDRV.1)
 0000:0000  Imp  GETMODULEHANDLE      (KERNEL.47)
 0000:0000  Imp  OPENFILE             (KERNEL.74)
 0000:0000  Imp  _wsprintf            (USER.420)
 0000:0000  Imp  GETPRIVATEPROFILESTRING (KERNEL.128)
 0000:0000  Imp  UniAdvancedSetUpDialog (UNIDRV.93)
 0000:0000  Imp  GETPRIVATEPROFILEINT (KERNEL.127)
 0000:0000  Imp  UniDeviceSelectBitmap (UNIDRV.29)
 0000:0000  Imp  GLOBALUNLOCK         (KERNEL.19)
 0000:0000  Imp  UniExtDeviceModePropSheet (UNIDRV.95)
 0000:0000  Imp  UniRealizeObject     (UNIDRV.10)
 0000:0000  Imp  LocalInit            (KERNEL.4)
 0000:0000  Imp  UniOutput            (UNIDRV.8)
 0000:0000  Imp  MESSAGEBOX           (USER.1)
 0000:0000  Imp  UniExtDeviceMode     (UNIDRV.90)
 0000:0000  Imp  UniDeviceMode        (UNIDRV.13)
 0000:0000  Imp  QUERYABORT           (GDI.155)
 0000:0000  Imp  UniDIBBlt            (UNIDRV.19)
 0000:0000  Imp  UniControl           (UNIDRV.3)
 0000:0000  Imp  UniEnable            (UNIDRV.5)
 0000:0000  Imp  UniExtTextOut        (UNIDRV.14)
 0000:0001  Abs  __acrtused
 0001:0000       LibEntry
 0001:0022       Control
 0001:04FA       DevBitblt
 0001:054E       Pixel
 0001:058A       Output
 0001:05D8       StrBlt
 0001:05FC       ScanLR
 0001:061E       EnumObj
 0001:0656       ColorInfo
 0001:068C       DeviceMode
 0001:06BE       RealizeObject
 0001:06FC       EnumDFonts
 0001:0738       Enable
 0001:07F0       Disable
 0001:0882       DevExtTextOut
 0001:08E2       DevGetCharWidth
 0001:092A       DeviceBitmap
 0001:094C       FastBorder
 0001:096E       SetAttribute
 0001:0990       ExtDeviceMode
 0001:09DA       ExtDeviceModePropSheet
 0001:0A22       DeviceCapabilities
 0001:0A6E       AdvancedSetUpDialog
 0001:0AA4       DIBBlt
 0001:0AEE       CreateDIBitmap
 0001:0B0E       SetDIBitsToDevice
 0001:0B62       StretchDIB
 0001:0BD0       DevInstall
 0001:0C08       BITMAPBITS
 0001:0C44       DEVICESELECTBITMAP
 0001:0C80       WEP
 0001:0C9C       LibMain
 0001:0CBE       fnDump
 0001:0E66       BLOCKOUT
 0001:105E       WRITEDIBHDR
 0001:11B6       DUMPSCANS
 0001:1294       FileDlgProc
 0001:133E       __aNlshl
 0001:134A       __aNuldiv
 0001:13AA       __aNulshr
 0001:13B6       __fmemcpy
 0002:0006       rsrvptrs
 0002:0006       pLocalHeap
 0002:0008       pAtomTable
 0002:000A       pStackTop
 0002:000C       pStackMin
 0002:000E       pStackBot
 0002:0010       SZSECTION
 0002:01BE       RGCHMODULENAME
 0002:01C0       SZBUF
 0002:01D0       DWSHELLEXECUTEMODE
 0002:01D4       STRSHELLEXECUTE
 0002:02D4       HTELESAFE
 0002:02D8       HRESULT
 0002:02DC       STRSHELLDIRECTORY
 0002:03DC       STRDATAFILENAME

Program entry point at 0001:0000
